Starting a Gradle Daemon, 1 incompatible Daemon could not be reused, use --status for details
> Task :app:checkKotlinGradlePluginConfigurationErrors SKIPPED
> Task :app:preBuild UP-TO-DATE
> Task :app:preDebugBuild UP-TO-DATE
> Task :app:checkDebugAarMetadata UP-TO-DATE
> Task :app:generateDebugResValues UP-TO-DATE
> Task :app:mapDebugSourceSetPaths UP-TO-DATE
> Task :app:generateDebugResources UP-TO-DATE
> Task :app:mergeDebugResources UP-TO-DATE
> Task :app:packageDebugResources UP-TO-DATE
> Task :app:parseDebugLocalResources UP-TO-DATE
> Task :app:createDebugCompatibleScreenManifests UP-TO-DATE
> Task :app:extractDeepLinksDebug UP-TO-DATE
> Task :app:processDebugMainManifest UP-TO-DATE
> Task :app:processDebugManifest UP-TO-DATE
> Task :app:processDebugManifestForPackage UP-TO-DATE
> Task :app:processDebugResources UP-TO-DATE
> Task :app:javaPreCompileDebug UP-TO-DATE
> Task :app:preDebugUnitTestBuild UP-TO-DATE
> Task :app:javaPreCompileDebugUnitTest UP-TO-DATE
> Task :app:mergeDebugNativeDebugMetadata NO-SOURCE
> Task :app:mergeDebugShaders UP-TO-DATE
> Task :app:compileDebugShaders NO-SOURCE
> Task :app:generateDebugAssets UP-TO-DATE
> Task :app:mergeDebugAssets
> Task :app:desugarDebugFileDependencies UP-TO-DATE
> Task :app:compressDebugAssets
> Task :app:checkDebugDuplicateClasses UP-TO-DATE
> Task :app:mergeExtDexDebug UP-TO-DATE
> Task :app:mergeLibDexDebug UP-TO-DATE
> Task :app:mergeDebugJniLibFolders UP-TO-DATE
> Task :app:mergeDebugNativeLibs UP-TO-DATE
> Task :app:stripDebugDebugSymbols UP-TO-DATE
> Task :app:validateSigningDebug UP-TO-DATE
> Task :app:writeDebugAppMetadata UP-TO-DATE
> Task :app:writeDebugSigningConfigVersions UP-TO-DATE

> Task :app:compileDebugKotlin
w: file:///Volumes/EX/80-YEREL/hermes-workspace/Hermes-Mobil/app/src/main/java/com/hermes/mobile/assistant/JarvisVoice.kt:262:48 This is a delicate API and its use requires care. Make sure you fully read and understand documentation of the declaration that is marked as a delicate API.
w: file:///Volumes/EX/80-YEREL/hermes-workspace/Hermes-Mobil/app/src/main/java/com/hermes/mobile/assistant/JarvisVoice.kt:263:19 This is a delicate API and its use requires care. Make sure you fully read and understand documentation of the declaration that is marked as a delicate API.
w: file:///Volumes/EX/80-YEREL/hermes-workspace/Hermes-Mobil/app/src/main/java/com/hermes/mobile/car/HermesCarService.kt:123:18 'fun setTitle(p0: @NonNull() CharSequence!): @NonNull() MessageTemplate.Builder!' is deprecated. Deprecated in Java.
w: file:///Volumes/EX/80-YEREL/hermes-workspace/Hermes-Mobil/app/src/main/java/com/hermes/mobile/car/HermesCarService.kt:124:18 'fun setHeaderAction(p0: @NonNull() Action!): @NonNull() MessageTemplate.Builder!' is deprecated. Deprecated in Java.
w: file:///Volumes/EX/80-YEREL/hermes-workspace/Hermes-Mobil/app/src/main/java/com/hermes/mobile/car/HermesCarService.kt:131:18 'fun setTitle(p0: @NonNull() CharSequence!): @NonNull() MessageTemplate.Builder!' is deprecated. Deprecated in Java.
w: file:///Volumes/EX/80-YEREL/hermes-workspace/Hermes-Mobil/app/src/main/java/com/hermes/mobile/car/HermesCarService.kt:132:18 'fun setHeaderAction(p0: @NonNull() Action!): @NonNull() MessageTemplate.Builder!' is deprecated. Deprecated in Java.
w: file:///Volumes/EX/80-YEREL/hermes-workspace/Hermes-Mobil/app/src/main/java/com/hermes/mobile/car/HermesCarService.kt:164:14 'fun setTitle(p0: @NonNull() CharSequence!): @NonNull() ListTemplate.Builder!' is deprecated. Deprecated in Java.
w: file:///Volumes/EX/80-YEREL/hermes-workspace/Hermes-Mobil/app/src/main/java/com/hermes/mobile/car/HermesCarService.kt:166:14 'fun setHeaderAction(p0: @NonNull() Action!): @NonNull() ListTemplate.Builder!' is deprecated. Deprecated in Java.
w: file:///Volumes/EX/80-YEREL/hermes-workspace/Hermes-Mobil/app/src/main/java/com/hermes/mobile/car/HermesCarService.kt:167:14 'fun setActionStrip(p0: @NonNull() ActionStrip!): @NonNull() ListTemplate.Builder!' is deprecated. Deprecated in Java.
w: file:///Volumes/EX/80-YEREL/hermes-workspace/Hermes-Mobil/app/src/main/java/com/hermes/mobile/data/GatewayWsClient.kt:258:13 Redundant creation of Json format. Creating instances for each usage can be slow.
w: file:///Volumes/EX/80-YEREL/hermes-workspace/Hermes-Mobil/app/src/main/java/com/hermes/mobile/data/GatewayWsClient.kt:283:13 Redundant creation of Json format. Creating instances for each usage can be slow.
w: file:///Volumes/EX/80-YEREL/hermes-workspace/Hermes-Mobil/app/src/main/java/com/hermes/mobile/ui/ChatScreen.kt:1207:59 'val Icons.Filled.VolumeUp: ImageVector' is deprecated. Use the AutoMirrored version at Icons.AutoMirrored.Filled.VolumeUp.
w: file:///Volumes/EX/80-YEREL/hermes-workspace/Hermes-Mobil/app/src/main/java/com/hermes/mobile/ui/ChatScreen.kt:1629:31 'val Icons.Filled.VolumeUp: ImageVector' is deprecated. Use the AutoMirrored version at Icons.AutoMirrored.Filled.VolumeUp.

> Task :app:compileDebugJavaWithJavac NO-SOURCE
> Task :app:processDebugJavaRes
> Task :app:bundleDebugClassesToRuntimeJar
> Task :app:bundleDebugClassesToCompileJar
> Task :app:dexBuilderDebug
> Task :app:mergeDebugGlobalSynthetics UP-TO-DATE
> Task :app:mergeProjectDexDebug
> Task :app:mergeDebugJavaResource
> Task :app:compileDebugUnitTestKotlin
> Task :app:compileDebugUnitTestJavaWithJavac NO-SOURCE
> Task :app:processDebugUnitTestJavaRes UP-TO-DATE
> Task :app:testDebugUnitTest
> Task :app:packageDebug
> Task :app:createDebugApkListingFileRedirect UP-TO-DATE
> Task :app:assembleDebug

BUİLD SUCCESSFUL in 30s
41 actionable tasks: 12 executed, 29 up-to-date
