> Task :app:checkKotlinGradlePluginConfigurationErrors SKIPPED
> Task :app:preBuild UP-TO-DATE
> Task :app:preDebugBuild UP-TO-DATE
> Task :app:checkDebugAarMetadata UP-TO-DATE
> Task :app:generateDebugResValues UP-TO-DATE
> Task :app:mapDebugSourceSetPaths UP-TO-DATE
> Task :app:generateDebugResources UP-TO-DATE
> Task :app:mergeDebugResources UP-TO-DATE
> Task :app:packageDebugResources UP-TO-DATE
> Task :app:parseDebugLocalResources UP-TO-DATE
> Task :app:createDebugCompatibleScreenManifests UP-TO-DATE
> Task :app:extractDeepLinksDebug UP-TO-DATE
> Task :app:processDebugMainManifest UP-TO-DATE
> Task :app:processDebugManifest UP-TO-DATE
> Task :app:processDebugManifestForPackage UP-TO-DATE
> Task :app:processDebugResources UP-TO-DATE

> Task :app:compileDebugKotlin
w: file:///Users/gokhanuzman/hermes-workspace/wt-t22/app/src/main/java/com/hermes/mobile/car/HermesCarService.kt:106:18 'fun setTitle(p0: @NonNull() CharSequence!): @NonNull() MessageTemplate.Builder!' is deprecated. Deprecated in Java.
w: file:///Users/gokhanuzman/hermes-workspace/wt-t22/app/src/main/java/com/hermes/mobile/car/HermesCarService.kt:113:18 'fun setTitle(p0: @NonNull() CharSequence!): @NonNull() MessageTemplate.Builder!' is deprecated. Deprecated in Java.
w: file:///Users/gokhanuzman/hermes-workspace/wt-t22/app/src/main/java/com/hermes/mobile/car/HermesCarService.kt:141:14 'fun setTitle(p0: @NonNull() CharSequence!): @NonNull() ListTemplate.Builder!' is deprecated. Deprecated in Java.
w: file:///Users/gokhanuzman/hermes-workspace/wt-t22/app/src/main/java/com/hermes/mobile/car/HermesCarService.kt:143:14 'fun setHeaderAction(p0: @NonNull() Action!): @NonNull() ListTemplate.Builder!' is deprecated. Deprecated in Java.
w: file:///Users/gokhanuzman/hermes-workspace/wt-t22/app/src/main/java/com/hermes/mobile/car/HermesCarService.kt:144:14 'fun setActionStrip(p0: @NonNull() ActionStrip!): @NonNull() ListTemplate.Builder!' is deprecated. Deprecated in Java.
w: file:///Users/gokhanuzman/hermes-workspace/wt-t22/app/src/main/java/com/hermes/mobile/data/GatewayWsClient.kt:234:13 Redundant creation of Json format. Creating instances for each usage can be slow.
w: file:///Users/gokhanuzman/hermes-workspace/wt-t22/app/src/main/java/com/hermes/mobile/data/GatewayWsClient.kt:259:13 Redundant creation of Json format. Creating instances for each usage can be slow.
w: file:///Users/gokhanuzman/hermes-workspace/wt-t22/app/src/main/java/com/hermes/mobile/ui/ChatScreen.kt:1127:59 'val Icons.Filled.VolumeUp: ImageVector' is deprecated. Use the AutoMirrored version at Icons.AutoMirrored.Filled.VolumeUp.
w: file:///Users/gokhanuzman/hermes-workspace/wt-t22/app/src/main/java/com/hermes/mobile/ui/ChatScreen.kt:1539:31 'val Icons.Filled.VolumeUp: ImageVector' is deprecated. Use the AutoMirrored version at Icons.AutoMirrored.Filled.VolumeUp.
w: file:///Users/gokhanuzman/hermes-workspace/wt-t22/app/src/main/java/com/hermes/mobile/ui/Composer.kt:258:48 'val Icons.Filled.InsertDriveFile: ImageVector' is deprecated. Use the AutoMirrored version at Icons.AutoMirrored.Filled.InsertDriveFile.
w: file:///Users/gokhanuzman/hermes-workspace/wt-t22/app/src/main/java/com/hermes/mobile/ui/Composer.kt:501:36 'val Icons.Filled.InsertDriveFile: ImageVector' is deprecated. Use the AutoMirrored version at Icons.AutoMirrored.Filled.InsertDriveFile.
w: file:///Users/gokhanuzman/hermes-workspace/wt-t22/app/src/main/java/com/hermes/mobile/ui/DrivingScreen.kt:99:68 'val Icons.Filled.VolumeUp: ImageVector' is deprecated. Use the AutoMirrored version at Icons.AutoMirrored.Filled.VolumeUp.
w: file:///Users/gokhanuzman/hermes-workspace/wt-t22/app/src/main/java/com/hermes/mobile/ui/LiveVoiceSheet.kt:153:68 'val Icons.Filled.VolumeUp: ImageVector' is deprecated. Use the AutoMirrored version at Icons.AutoMirrored.Filled.VolumeUp.
w: file:///Users/gokhanuzman/hermes-workspace/wt-t22/app/src/main/java/com/hermes/mobile/ui/PanelScreen.kt:68:40 'val Icons.Filled.Subject: ImageVector' is deprecated. Use the AutoMirrored version at Icons.AutoMirrored.Filled.Subject.
w: file:///Users/gokhanuzman/hermes-workspace/wt-t22/app/src/main/java/com/hermes/mobile/ui/PanelScreen.kt:454:76 'val Icons.Filled.InsertDriveFile: ImageVector' is deprecated. Use the AutoMirrored version at Icons.AutoMirrored.Filled.InsertDriveFile.
w: file:///Users/gokhanuzman/hermes-workspace/wt-t22/app/src/main/java/com/hermes/mobile/ui/PermissionRows.kt:60:26 'val LocalLifecycleOwner: ProvidableCompositionLocal<LifecycleOwner>' is deprecated. Moved to lifecycle-runtime-compose library in androidx.lifecycle.compose package.
w: file:///Users/gokhanuzman/hermes-workspace/wt-t22/app/src/main/java/com/hermes/mobile/ui/SessionDrawer.kt:237:40 'val Icons.Filled.Undo: ImageVector' is deprecated. Use the AutoMirrored version at Icons.AutoMirrored.Filled.Undo.
w: file:///Users/gokhanuzman/hermes-workspace/wt-t22/app/src/main/java/com/hermes/mobile/ui/SessionDrawer.kt:689:53 'val Icons.Filled.Undo: ImageVector' is deprecated. Use the AutoMirrored version at Icons.AutoMirrored.Filled.Undo.
w: file:///Users/gokhanuzman/hermes-workspace/wt-t22/app/src/main/java/com/hermes/mobile/ui/SourceBadge.kt:58:42 'val Icons.Filled.Send: ImageVector' is deprecated. Use the AutoMirrored version at Icons.AutoMirrored.Filled.Send.
w: file:///Users/gokhanuzman/hermes-workspace/wt-t22/app/src/main/java/com/hermes/mobile/ui/SourceBadge.kt:59:38 'val Icons.Filled.Chat: ImageVector' is deprecated. Use the AutoMirrored version at Icons.AutoMirrored.Filled.Chat.

BUİLD SUCCESSFUL in 24s
14 actionable tasks: 1 executed, 13 up-to-date
