== 1) Çekmece spring açılış — 4 ardışık kare ==
error: device offline
  📸 anim-cekmece-acilis-1.png  e3b0c44298fc
error: device offline
  📸 anim-cekmece-acilis-2.png  e3b0c44298fc
error: device offline
  📸 anim-cekmece-acilis-3.png  e3b0c44298fc
error: device offline
  📸 anim-cekmece-acilis-4.png  e3b0c44298fc
== anim-cekmece-acilis: 1/4 farklı kare KOPYA!
== 2) Çekmece KAPANIŞ kareleri ==
error: device offline
  📸 anim-cekmece-kapanis-1.png  e3b0c44298fc
error: device offline
  📸 anim-cekmece-kapanis-2.png  e3b0c44298fc
== anim-cekmece-kapanis: 1/2 farklı kare KOPYA!
== 3) İskelet → dolu (6s mock penceresi — 4 kare çekmece açıkken) ==
error: device offline
  📸 anim-iskelet-1.png  e3b0c44298fc
error: device offline
  📸 anim-iskelet-2.png  e3b0c44298fc
error: device offline
  📸 anim-iskelet-3.png  e3b0c44298fc
== anim-iskelet: 1/3 farklı kare KOPYA!
error: device offline
  📸 anim-dolu-liste.png  e3b0c44298fc
BİTTİ
