  📸 01-baglantiyok-bosdurum.png
  YOK: Sunucu ekle
  edit[0] = tur22-mock
  edit[1] = http://127.0.0.1:9151
  edit[2] = demo-token
  📸 02-sunucu-formu.png
  tap 'Kaydet' (808,1882)
  📸 03-baglanildi.png
  tap at 0.03
  📸 10-cekmece-acilis-1.png
  📸 10-cekmece-acilis-2.png
  📸 10-cekmece-acilis-3.png
  📸 20-iskelet-1.png
  📸 20-iskelet-2.png
  📸 20-iskelet-3.png
  📸 21-dolu-liste.png
  YOK: Oturum ara
  📸 30-arama-bos-sonuc.png
  YOK: Aramayı temizle
  YOK: Arşiv
  📸 31-arsiv-bos-durum.png
  YOK: Tur22 kare testi
  📸 41-mesaj-girisi-1.png
  📸 41-mesaj-girisi-2.png
  📸 42-sohbet-gecis-1.png
  📸 42-sohbet-gecis-2.png
  📸 43-sohbet-dolu.png
  📸 44-oncesi.png
  📸 45-mesaj-giris-burst-1.png
  📸 45-mesaj-giris-burst-2.png
  📸 45-mesaj-giris-burst-3.png
  📸 46-mesaj-dolu.png
CRASH (hermes+FATAL): 0
BİTTİ
