install: tall
Success 0s
sohbet-hazir
deneme 1
kayit-sonrasi: ['Geri', 'Sunucular', 'Kayıtlı Hermes profilleri', 'Yenile', 'the server', 'Düzenle', 'Sil', 'http://192.168.1.10:9150', 'Token girilmemiş', 'Caddy → 127.0.0.1:9120 · token ~/.hermes/.env', 'mock-8198', 'aktif', 'Düzenle', 'Sil']
profil-tap @ (226, 833)
  shot 00-serit-genislemis-durum.png (157532b @ 61s)
  shot 01-serit-mock-dolu.png (145388b @ 64s)
  shot 09-serit-akista-sayi-grafik.png (145828b @ 83s)
  shot 00-serit-gonderme-serbest.png (149299b @ 101s)
  shot 02-tumu-akisi.png (114656b @ 107s)
  shot 05-alt-sayfa-yanitla.png (80745b @ 114s)
  shot 06-mini-composer-bos.png (81920b @ 116s)
  shot 07-mini-composer-yazildi.png (147981b @ 121s)
Gonder: (949, 714)
  shot 08a-gonderiliyor.png (156222b @ 125s)
  shot 08b-sonrasi-cekmece-yerinde.png (147934b @ 127s)
Traceback (most recent call last):
  File "/Users/gokhanuzman/hermes-workspace/wt-t19/denetim/tur19/kanit3_adim.py", line 443, in <module>
    tap(al); time.sleep(1.2)
  File "/Users/gokhanuzman/hermes-workspace/wt-t19/denetim/tur19/kanit3_adim.py", line 177, in tap
    sh('shell', 'input', 'tap', str(pt[0]), str(pt[1]))
TypeError: 'NoneType' object is not subscriptable
