Starting a Gradle Daemon (subsequent builds will be faster)
> Task :app:checkKotlinGradlePluginConfigurationErrors SKIPPED
> Task :app:preBuild UP-TO-DATE
> Task :app:preDebugBuild UP-TO-DATE
> Task :app:checkDebugAarMetadata UP-TO-DATE
> Task :app:generateDebugResValues UP-TO-DATE
> Task :app:mapDebugSourceSetPaths UP-TO-DATE
> Task :app:generateDebugResources UP-TO-DATE
> Task :app:mergeDebugResources UP-TO-DATE
> Task :app:packageDebugResources UP-TO-DATE
> Task :app:parseDebugLocalResources UP-TO-DATE
> Task :app:createDebugCompatibleScreenManifests UP-TO-DATE
> Task :app:extractDeepLinksDebug UP-TO-DATE
> Task :app:processDebugMainManifest UP-TO-DATE
> Task :app:processDebugManifest UP-TO-DATE
> Task :app:processDebugManifestForPackage UP-TO-DATE
> Task :app:processDebugResources UP-TO-DATE
> Task :app:javaPreCompileDebug UP-TO-DATE
> Task :app:preDebugUnitTestBuild UP-TO-DATE
> Task :app:javaPreCompileDebugUnitTest UP-TO-DATE
> Task :app:mergeDebugNativeDebugMetadata NO-SOURCE
> Task :app:mergeDebugShaders UP-TO-DATE
> Task :app:compileDebugShaders NO-SOURCE
> Task :app:generateDebugAssets UP-TO-DATE
> Task :app:mergeDebugAssets UP-TO-DATE
> Task :app:compressDebugAssets UP-TO-DATE
> Task :app:desugarDebugFileDependencies UP-TO-DATE
> Task :app:checkDebugDuplicateClasses UP-TO-DATE
> Task :app:mergeExtDexDebug UP-TO-DATE
> Task :app:mergeLibDexDebug UP-TO-DATE
> Task :app:mergeDebugJniLibFolders UP-TO-DATE
> Task :app:mergeDebugNativeLibs UP-TO-DATE
> Task :app:stripDebugDebugSymbols UP-TO-DATE
> Task :app:validateSigningDebug UP-TO-DATE
> Task :app:writeDebugAppMetadata UP-TO-DATE
> Task :app:writeDebugSigningConfigVersions UP-TO-DATE

> Task :app:compileDebugKotlin
w: file:///Users/gokhanuzman/hermes-workspace/wt-android-uzman/app/src/main/java/com/hermes/mobile/car/HermesCarService.kt:106:18 'fun setTitle(p0: @NonNull() CharSequence!): @NonNull() MessageTemplate.Builder!' is deprecated. Deprecated in Java.
w: file:///Users/gokhanuzman/hermes-workspace/wt-android-uzman/app/src/main/java/com/hermes/mobile/car/HermesCarService.kt:113:18 'fun setTitle(p0: @NonNull() CharSequence!): @NonNull() MessageTemplate.Builder!' is deprecated. Deprecated in Java.
w: file:///Users/gokhanuzman/hermes-workspace/wt-android-uzman/app/src/main/java/com/hermes/mobile/car/HermesCarService.kt:141:14 'fun setTitle(p0: @NonNull() CharSequence!): @NonNull() ListTemplate.Builder!' is deprecated. Deprecated in Java.
w: file:///Users/gokhanuzman/hermes-workspace/wt-android-uzman/app/src/main/java/com/hermes/mobile/car/HermesCarService.kt:143:14 'fun setHeaderAction(p0: @NonNull() Action!): @NonNull() ListTemplate.Builder!' is deprecated. Deprecated in Java.
w: file:///Users/gokhanuzman/hermes-workspace/wt-android-uzman/app/src/main/java/com/hermes/mobile/car/HermesCarService.kt:144:14 'fun setActionStrip(p0: @NonNull() ActionStrip!): @NonNull() ListTemplate.Builder!' is deprecated. Deprecated in Java.
w: file:///Users/gokhanuzman/hermes-workspace/wt-android-uzman/app/src/main/java/com/hermes/mobile/data/GatewayWsClient.kt:234:13 Redundant creation of Json format. Creating instances for each usage can be slow.
w: file:///Users/gokhanuzman/hermes-workspace/wt-android-uzman/app/src/main/java/com/hermes/mobile/data/GatewayWsClient.kt:259:13 Redundant creation of Json format. Creating instances for each usage can be slow.
w: file:///Users/gokhanuzman/hermes-workspace/wt-android-uzman/app/src/main/java/com/hermes/mobile/ui/ChatScreen.kt:1116:59 'val Icons.Filled.VolumeUp: ImageVector' is deprecated. Use the AutoMirrored version at Icons.AutoMirrored.Filled.VolumeUp.
w: file:///Users/gokhanuzman/hermes-workspace/wt-android-uzman/app/src/main/java/com/hermes/mobile/ui/ChatScreen.kt:1536:31 'val Icons.Filled.VolumeUp: ImageVector' is deprecated. Use the AutoMirrored version at Icons.AutoMirrored.Filled.VolumeUp.
w: file:///Users/gokhanuzman/hermes-workspace/wt-android-uzman/app/src/main/java/com/hermes/mobile/ui/Composer.kt:246:48 'val Icons.Filled.InsertDriveFile: ImageVector' is deprecated. Use the AutoMirrored version at Icons.AutoMirrored.Filled.InsertDriveFile.
w: file:///Users/gokhanuzman/hermes-workspace/wt-android-uzman/app/src/main/java/com/hermes/mobile/ui/Composer.kt:450:36 'val Icons.Filled.InsertDriveFile: ImageVector' is deprecated. Use the AutoMirrored version at Icons.AutoMirrored.Filled.InsertDriveFile.
w: file:///Users/gokhanuzman/hermes-workspace/wt-android-uzman/app/src/main/java/com/hermes/mobile/ui/DrivingScreen.kt:98:68 'val Icons.Filled.VolumeUp: ImageVector' is deprecated. Use the AutoMirrored version at Icons.AutoMirrored.Filled.VolumeUp.
w: file:///Users/gokhanuzman/hermes-workspace/wt-android-uzman/app/src/main/java/com/hermes/mobile/ui/LiveVoiceSheet.kt:152:68 'val Icons.Filled.VolumeUp: ImageVector' is deprecated. Use the AutoMirrored version at Icons.AutoMirrored.Filled.VolumeUp.
w: file:///Users/gokhanuzman/hermes-workspace/wt-android-uzman/app/src/main/java/com/hermes/mobile/ui/PanelScreen.kt:67:40 'val Icons.Filled.Subject: ImageVector' is deprecated. Use the AutoMirrored version at Icons.AutoMirrored.Filled.Subject.
w: file:///Users/gokhanuzman/hermes-workspace/wt-android-uzman/app/src/main/java/com/hermes/mobile/ui/PanelScreen.kt:456:76 'val Icons.Filled.InsertDriveFile: ImageVector' is deprecated. Use the AutoMirrored version at Icons.AutoMirrored.Filled.InsertDriveFile.
w: file:///Users/gokhanuzman/hermes-workspace/wt-android-uzman/app/src/main/java/com/hermes/mobile/ui/PermissionRows.kt:59:26 'val LocalLifecycleOwner: ProvidableCompositionLocal<LifecycleOwner>' is deprecated. Moved to lifecycle-runtime-compose library in androidx.lifecycle.compose package.
w: file:///Users/gokhanuzman/hermes-workspace/wt-android-uzman/app/src/main/java/com/hermes/mobile/ui/SessionDrawer.kt:224:40 'val Icons.Filled.Undo: ImageVector' is deprecated. Use the AutoMirrored version at Icons.AutoMirrored.Filled.Undo.
w: file:///Users/gokhanuzman/hermes-workspace/wt-android-uzman/app/src/main/java/com/hermes/mobile/ui/SourceBadge.kt:58:42 'val Icons.Filled.Send: ImageVector' is deprecated. Use the AutoMirrored version at Icons.AutoMirrored.Filled.Send.
w: file:///Users/gokhanuzman/hermes-workspace/wt-android-uzman/app/src/main/java/com/hermes/mobile/ui/SourceBadge.kt:59:38 'val Icons.Filled.Chat: ImageVector' is deprecated. Use the AutoMirrored version at Icons.AutoMirrored.Filled.Chat.

> Task :app:compileDebugJavaWithJavac NO-SOURCE
> Task :app:processDebugJavaRes UP-TO-DATE
> Task :app:bundleDebugClassesToRuntimeJar
> Task :app:bundleDebugClassesToCompileJar
> Task :app:dexBuilderDebug
> Task :app:mergeDebugGlobalSynthetics UP-TO-DATE
> Task :app:mergeDebugJavaResource UP-TO-DATE
> Task :app:mergeProjectDexDebug
> Task :app:packageDebug
> Task :app:createDebugApkListingFileRedirect UP-TO-DATE
> Task :app:assembleDebug

> Task :app:compileDebugUnitTestKotlin
w: file:///Users/gokhanuzman/hermes-workspace/wt-android-uzman/app/src/test/java/com/hermes/mobile/CrashGuardTest.kt:39:52 Division by zero.
w: file:///Users/gokhanuzman/hermes-workspace/wt-android-uzman/app/src/test/java/com/hermes/mobile/ProfileChipLogicTest.kt:87:9 'static fun assertEquals(p0: (Array<Any!>..Array<out Any!>?), p1: (Array<Any!>..Array<out Any!>?)): Unit' is deprecated. Deprecated in Java.
w: file:///Users/gokhanuzman/hermes-workspace/wt-android-uzman/app/src/test/java/com/hermes/mobile/ThemeTur17Test.kt:322:54 Java type mismatch: inferred type is 'kotlin.String?', but 'kotlin.String' was expected.
w: file:///Users/gokhanuzman/hermes-workspace/wt-android-uzman/app/src/test/java/com/hermes/mobile/ThemeTur17Test.kt:324:29 Java type mismatch: inferred type is 'kotlin.String?', but 'kotlin.String' was expected.

> Task :app:compileDebugUnitTestJavaWithJavac NO-SOURCE
> Task :app:processDebugUnitTestJavaRes UP-TO-DATE
> Task :app:testDebugUnitTest

BUİLD SUCCESSFUL in 48s
41 actionable tasks: 8 executed, 33 up-to-date
GRADLE_EXIT=0
